

================================================================
== Synthesis Summary Report of 'trace_cntrl_32'
================================================================
+ General Information: 
    * Date:           Sat Apr 29 15:20:00 2023
    * Version:        2022.1 (Build 3526262 on Mon Apr 18 15:48:16 MDT 2022)
    * Project:        trace_cntrl_32
    * Solution:       solution1 (Vivado IP Flow Target)
    * Product family: zynq
    * Target device:  xc7z020-clg484-1
    

+ Performance & Resource Estimates: 
    
    PS: '+' for module; 'o' for loop; '*' for dataflow
    +--------------------------------------------+------+------+---------+--------+----------+---------+------+----------+------+----+-----------+-----------+-----+
    |                   Modules                  | Issue|      | Latency | Latency| Iteration|         | Trip |          |      |    |           |           |     |
    |                   & Loops                  | Type | Slack| (cycles)|  (ns)  |  Latency | Interval| Count| Pipelined| BRAM | DSP|     FF    |    LUT    | URAM|
    +--------------------------------------------+------+------+---------+--------+----------+---------+------+----------+------+----+-----------+-----------+-----+
    |+ trace_cntrl_32                            |     -|  1.38|        -|       -|         -|        -|     -|        no|     -|   -|  358 (~0%)|   568 (1%)|    -|
    | + trace_cntrl_32_Pipeline_VITIS_LOOP_28_1  |     -|  2.87|        -|       -|         -|        -|     -|        no|     -|   -|  145 (~0%)|  325 (~0%)|    -|
    |  o VITIS_LOOP_28_1                         |    II|  7.30|        -|       -|         2|        2|     -|       yes|     -|   -|          -|          -|    -|
    +--------------------------------------------+------+------+---------+--------+----------+---------+------+----------+------+----+-----------+-----------+-----+


================================================================
== HW Interfaces
================================================================
* S_AXILITE Interfaces
+-------------------+------------+---------------+--------+----------+
| Interface         | Data Width | Address Width | Offset | Register |
+-------------------+------------+---------------+--------+----------+
| s_axi_trace_cntrl | 32         | 5             | 16     | 0        |
+-------------------+------------+---------------+--------+----------+

* S_AXILITE Registers
+-------------------+----------+--------+-------+--------+----------------------------------+----------------------------------------------------------------------+
| Interface         | Register | Offset | Width | Access | Description                      | Bit Fields                                                           |
+-------------------+----------+--------+-------+--------+----------------------------------+----------------------------------------------------------------------+
| s_axi_trace_cntrl | CTRL     | 0x00   | 32    | RW     | Control signals                  | 0=AP_START 1=AP_DONE 2=AP_IDLE 3=AP_READY 7=AUTO_RESTART 9=INTERRUPT |
| s_axi_trace_cntrl | GIER     | 0x04   | 32    | RW     | Global Interrupt Enable Register | 0=Enable                                                             |
| s_axi_trace_cntrl | IP_IER   | 0x08   | 32    | RW     | IP Interrupt Enable Register     | 0=CHAN0_INT_EN 1=CHAN1_INT_EN                                        |
| s_axi_trace_cntrl | IP_ISR   | 0x0c   | 32    | RW     | IP Interrupt Status Register     | 0=CHAN0_INT_ST 1=CHAN1_INT_ST                                        |
| s_axi_trace_cntrl | trigger  | 0x10   | 32    | W      | Data signal of trigger           |                                                                      |
| s_axi_trace_cntrl | length_r | 0x18   | 32    | W      | Data signal of length_r          |                                                                      |
+-------------------+----------+--------+-------+--------+----------------------------------+----------------------------------------------------------------------+

* AXIS
+------------+---------------+-------+-------+-----+-------+-------+--------+-------+-------+--------+
| Interface  | Register Mode | TDATA | TDEST | TID | TKEEP | TLAST | TREADY | TSTRB | TUSER | TVALID |
+------------+---------------+-------+-------+-----+-------+-------+--------+-------+-------+--------+
| capture_32 | both          | 32    | 1     | 1   | 4     | 1     | 1      | 4     | 1     | 1      |
| trace_32   | both          | 32    | 1     | 1   | 4     | 1     | 1      | 4     | 1     | 1      |
+------------+---------------+-------+-------+-----+-------+-------+--------+-------+-------+--------+

* TOP LEVEL CONTROL
+-----------+------------+-----------+
| Interface | Type       | Ports     |
+-----------+------------+-----------+
| ap_clk    | clock      | ap_clk    |
| ap_rst_n  | reset      | ap_rst_n  |
| interrupt | interrupt  | interrupt |
| ap_ctrl   | ap_ctrl_hs |           |
+-----------+------------+-----------+


================================================================
== SW I/O Information
================================================================
* Top Function Arguments
+------------+-----------+--------------------------------------------+
| Argument   | Direction | Datatype                                   |
+------------+-----------+--------------------------------------------+
| trace_32   | in        | stream<hls::axis<ap_int<32>, 1, 1, 1>, 0>& |
| capture_32 | out       | stream<hls::axis<ap_int<32>, 1, 1, 1>, 0>& |
| trigger    | in        | ap_int<32>                                 |
| length     | in        | int                                        |
+------------+-----------+--------------------------------------------+

* SW-to-HW Mapping
+------------+-------------------+-----------+-----------------------------------+
| Argument   | HW Interface      | HW Type   | HW Info                           |
+------------+-------------------+-----------+-----------------------------------+
| trace_32   | trace_32          | interface |                                   |
| capture_32 | capture_32        | interface |                                   |
| trigger    | s_axi_trace_cntrl | register  | name=trigger offset=0x10 range=32 |
| length     | s_axi_trace_cntrl | interface |                                   |
+------------+-------------------+-----------+-----------------------------------+


================================================================
== M_AXI Burst Information
================================================================
 Note: All burst requests might be further partitioned into multiple requests during RTL generation based on max_read_burst_length or max_write_burst_length settings.

  No burst in design

================================================================
== Bind Op Report
================================================================
+--------------------------------------------+-----+--------+-----------+-----+--------+---------+
| Name                                       | DSP | Pragma | Variable  | Op  | Impl   | Latency |
+--------------------------------------------+-----+--------+-----------+-----+--------+---------+
| + trace_cntrl_32                           | 0   |        |           |     |        |         |
|   sub_fu_117_p2                            | -   |        | sub       | add | fabric | 0       |
|  + trace_cntrl_32_Pipeline_VITIS_LOOP_28_1 | 0   |        |           |     |        |         |
|    i_2_fu_204_p2                           | -   |        | i_2       | add | fabric | 0       |
|    samples_1_fu_223_p2                     | -   |        | samples_1 | add | fabric | 0       |
|    i_5_fu_234_p2                           | -   |        | i_5       | add | fabric | 0       |
+--------------------------------------------+-----+--------+-----------+-----+--------+---------+


================================================================
== Bind Storage Report
================================================================
  No bind storage info in design

================================================================
== Pragma Report
================================================================
* Valid Pragma Syntax
+-----------+-------------------------------------------+--------------------------------------------------------------------+
| Type      | Options                                   | Location                                                           |
+-----------+-------------------------------------------+--------------------------------------------------------------------+
| interface | axis depth=50 port=trace_32 register      | trace_cntrl_32/trace_cntrl_32.cpp:17 in trace_cntrl_32, trace_32   |
| interface | axis depth=50 port=capture_32 register    | trace_cntrl_32/trace_cntrl_32.cpp:18 in trace_cntrl_32, capture_32 |
| interface | s_axilite port=trigger bundle=trace_cntrl | trace_cntrl_32/trace_cntrl_32.cpp:19 in trace_cntrl_32, trigger    |
| interface | s_axilite port=length bundle=trace_cntrl  | trace_cntrl_32/trace_cntrl_32.cpp:20 in trace_cntrl_32, length     |
| interface | s_axilite port=return bundle=trace_cntrl  | trace_cntrl_32/trace_cntrl_32.cpp:21 in trace_cntrl_32, return     |
| pipeline  |                                           | trace_cntrl_32/trace_cntrl_32.cpp:29 in trace_cntrl_32             |
+-----------+-------------------------------------------+--------------------------------------------------------------------+


