

================================================================
== Vitis HLS Report for 'pixel_pack_Pipeline_VITIS_LOOP_101_9'
================================================================
* Date:           Sat Apr 29 15:18:48 2023

* Version:        2022.1 (Build 3526262 on Mon Apr 18 15:48:16 MDT 2022)
* Project:        pixel_pack
* Solution:       solution1 (Vivado IP Flow Target)
* Product family: zynq
* Target device:  xc7z020-clg400-1


================================================================
== Performance Estimates
================================================================
+ Timing: 
    * Summary: 
    +--------+---------+----------+------------+
    |  Clock |  Target | Estimated| Uncertainty|
    +--------+---------+----------+------------+
    |ap_clk  |  7.00 ns|  1.915 ns|     1.89 ns|
    +--------+---------+----------+------------+

+ Latency: 
    * Summary: 
    +---------+---------+----------+----------+-----+-----+---------+
    |  Latency (cycles) |  Latency (absolute) |  Interval | Pipeline|
    |   min   |   max   |    min   |    max   | min | max |   Type  |
    +---------+---------+----------+----------+-----+-----+---------+
    |        ?|        ?|         ?|         ?|    ?|    ?|       no|
    +---------+---------+----------+----------+-----+-----+---------+

    + Detail: 
        * Instance: 
        N/A

        * Loop: 
        +--------------------+---------+---------+----------+-----------+-----------+------+----------+
        |                    |  Latency (cycles) | Iteration|  Initiation Interval  | Trip |          |
        |      Loop Name     |   min   |   max   |  Latency |  achieved |   target  | Count| Pipelined|
        +--------------------+---------+---------+----------+-----------+-----------+------+----------+
        |- VITIS_LOOP_101_9  |        ?|        ?|         2|          2|          2|     ?|       yes|
        +--------------------+---------+---------+----------+-----------+-----------+------+----------+



================================================================
== Utilization Estimates
================================================================
* Summary: 
+-----------------+---------+-----+--------+-------+-----+
|       Name      | BRAM_18K| DSP |   FF   |  LUT  | URAM|
+-----------------+---------+-----+--------+-------+-----+
|DSP              |        -|    -|       -|      -|    -|
|Expression       |        -|    -|       0|     34|    -|
|FIFO             |        -|    -|       -|      -|    -|
|Instance         |        -|    -|       -|      -|    -|
|Memory           |        -|    -|       -|      -|    -|
|Multiplexer      |        -|    -|       -|     41|    -|
|Register         |        -|    -|      28|      -|    -|
+-----------------+---------+-----+--------+-------+-----+
|Total            |        0|    0|      28|     75|    0|
+-----------------+---------+-----+--------+-------+-----+
|Available        |      280|  220|  106400|  53200|    0|
+-----------------+---------+-----+--------+-------+-----+
|Utilization (%)  |        0|    0|      ~0|     ~0|    0|
+-----------------+---------+-----+--------+-------+-----+

+ Detail: 
    * Instance: 
    N/A

    * DSP: 
    N/A

    * Memory: 
    N/A

    * FIFO: 
    N/A

    * Expression: 
    +----------------------------------+----------+----+---+----+------------+------------+
    |           Variable Name          | Operation| DSP| FF| LUT| Bitwidth P0| Bitwidth P1|
    +----------------------------------+----------+----+---+----+------------+------------+
    |out_c1_V_fu_153_p2                |         +|   0|  0|  14|           9|           9|
    |out_c2_V_fu_166_p2                |         +|   0|  0|  14|           9|           9|
    |ap_block_state1_pp0_stage0_iter0  |        or|   0|  0|   2|           1|           1|
    |ap_block_state2_pp0_stage1_iter0  |        or|   0|  0|   2|           1|           1|
    |stream_out_32_TUSER               |        or|   0|  0|   2|           1|           1|
    +----------------------------------+----------+----+---+----+------------+------------+
    |Total                             |          |   0|  0|  34|          21|          21|
    +----------------------------------+----------+----+---+----+------------+------------+

    * Multiplexer: 
    +---------------------------+----+-----------+-----+-----------+
    |            Name           | LUT| Input Size| Bits| Total Bits|
    +---------------------------+----+-----------+-----+-----------+
    |ap_NS_fsm                  |  14|          3|    1|          3|
    |ap_done_int                |   9|          2|    1|          2|
    |stream_in_24_TDATA_blk_n   |   9|          2|    1|          2|
    |stream_out_32_TDATA_blk_n  |   9|          2|    1|          2|
    +---------------------------+----+-----------+-----+-----------+
    |Total                      |  41|          9|    4|          9|
    +---------------------------+----+-----------+-----+-----------+

    * Register: 
    +---------------------+---+----+-----+-----------+
    |         Name        | FF| LUT| Bits| Const Bits|
    +---------------------+---+----+-----+-----------+
    |ap_CS_fsm            |  2|   0|    2|          0|
    |ap_done_reg          |  1|   0|    1|          0|
    |empty_reg_208_3      |  1|   0|    1|          0|
    |tmp_3_reg_213        |  8|   0|    8|          0|
    |tmp_5_reg_218        |  8|   0|    8|          0|
    |trunc_ln674_reg_223  |  8|   0|    8|          0|
    +---------------------+---+----+-----+-----------+
    |Total                | 28|   0|   28|          0|
    +---------------------+---+----+-----+-----------+



================================================================
== Interface
================================================================
* Summary: 
+----------------------+-----+-----+------------+--------------------------------------+--------------+
|       RTL Ports      | Dir | Bits|  Protocol  |             Source Object            |    C Type    |
+----------------------+-----+-----+------------+--------------------------------------+--------------+
|ap_clk                |   in|    1|  ap_ctrl_hs|  pixel_pack_Pipeline_VITIS_LOOP_101_9|  return value|
|ap_rst                |   in|    1|  ap_ctrl_hs|  pixel_pack_Pipeline_VITIS_LOOP_101_9|  return value|
|ap_start              |   in|    1|  ap_ctrl_hs|  pixel_pack_Pipeline_VITIS_LOOP_101_9|  return value|
|ap_done               |  out|    1|  ap_ctrl_hs|  pixel_pack_Pipeline_VITIS_LOOP_101_9|  return value|
|ap_idle               |  out|    1|  ap_ctrl_hs|  pixel_pack_Pipeline_VITIS_LOOP_101_9|  return value|
|ap_ready              |  out|    1|  ap_ctrl_hs|  pixel_pack_Pipeline_VITIS_LOOP_101_9|  return value|
|stream_in_24_TVALID   |   in|    1|        axis|                 stream_in_24_V_data_V|       pointer|
|stream_in_24_TDATA    |   in|   24|        axis|                 stream_in_24_V_data_V|       pointer|
|stream_out_32_TREADY  |   in|    1|        axis|                stream_out_32_V_data_V|       pointer|
|stream_out_32_TDATA   |  out|   32|        axis|                stream_out_32_V_data_V|       pointer|
|stream_in_24_TREADY   |  out|    1|        axis|                 stream_in_24_V_last_V|       pointer|
|stream_in_24_TLAST    |   in|    1|        axis|                 stream_in_24_V_last_V|       pointer|
|stream_in_24_TKEEP    |   in|    3|        axis|                 stream_in_24_V_keep_V|       pointer|
|stream_in_24_TSTRB    |   in|    3|        axis|                 stream_in_24_V_strb_V|       pointer|
|stream_in_24_TUSER    |   in|    1|        axis|                 stream_in_24_V_user_V|       pointer|
|stream_out_32_TVALID  |  out|    1|        axis|                stream_out_32_V_last_V|       pointer|
|stream_out_32_TLAST   |  out|    1|        axis|                stream_out_32_V_last_V|       pointer|
|stream_out_32_TKEEP   |  out|    4|        axis|                stream_out_32_V_keep_V|       pointer|
|stream_out_32_TSTRB   |  out|    4|        axis|                stream_out_32_V_strb_V|       pointer|
|stream_out_32_TUSER   |  out|    1|        axis|                stream_out_32_V_user_V|       pointer|
+----------------------+-----+-----+------------+--------------------------------------+--------------+

